C51 COMPILER V9.54   LCD                                                                   04/07/2020 16:44:55 PAGE 1   


C51 COMPILER V9.54, COMPILATION OF MODULE LCD
OBJECT MODULE PLACED IN .\Objects\lcd.obj
COMPILER INVOKED BY: C:\Program Files (x86)\Spring Program Files(x86)\MDK4 and MDK5\C51\BIN\C51.EXE lcd.c OPTIMIZE(8,SPE
                    -ED) BROWSE INCDIR(..\Keil 源代码 - 副本) DEBUG OBJECTEXTEND PRINT(.\Listings\lcd.lst) TABS(2) OBJECT(.\Objects\lcd.obj)

line level    source

   1          
   2          
   3          #include "lcd.h"
   4          
   5          void write_com(uchar com);
   6          void write_date(uchar DATA);
   7          
   8          
   9          
  10          //写指令
  11          void write_com(uchar com)
  12          {
  13   1        LCD_RS=0;
  14   1        P0=com;
  15   1        delay_ms(5);
  16   1        LCD_EN=1;
  17   1        delay_ms(5);
  18   1        LCD_EN=0;
  19   1      }
  20          //END of Function
  21          
  22          
  23          //写数据
  24          void write_date(uchar DATA)   
  25          { 
  26   1        LCD_RS=1;
  27   1        P0=DATA;
  28   1        delay_ms(5);
  29   1        LCD_EN=1;
  30   1        delay_ms(5);
  31   1        LCD_EN=0;
  32   1      }
  33          //END of Function
  34          
  35          
  36          //初始化1602液晶
  37          void LCD_Init(void)
  38          {
  39   1        LCD_EN=0;
  40   1        write_com(0x38);  //设置16x2显示，5x7点阵，8位数据接口
  41   1        write_com(0x0c);  //开显示，不显示显示光标
  42   1        write_com(0x06);  //地址指针和光标自动加1，整屏不移动
  43   1        write_com(0x01);  //显示清屏，数据指针清零
  44   1      }
  45          //END of Function
  46          
  47          
  48          //设置液晶屏显示的起始位置（第x行第y列，及左上角坐标为 [1,1]）
  49          void SetPoint_xy(uchar x,uchar y)
  50          {
  51   1        uchar point = 0x80;
  52   1        if(x == 2)
  53   1          point += 0x40;
  54   1        point += y-1;
C51 COMPILER V9.54   LCD                                                                   04/07/2020 16:44:55 PAGE 2   

  55   1        write_com(point);
  56   1      }
  57          //END of Function
  58          
  59          
  60          
  61          
  62          
  63          
  64          
  65          
  66          
  67          
  68          
  69          
  70          
  71          
  72          
  73          
  74          
  75          
  76          
  77          
  78          
  79          
  80          
  81          
  82          
  83          
  84          
  85          
  86          


MODULE INFORMATION:   STATIC OVERLAYABLE
   CODE SIZE        =     86    ----
   CONSTANT SIZE    =   ----    ----
   XDATA SIZE       =   ----    ----
   PDATA SIZE       =   ----    ----
   DATA SIZE        =   ----    ----
   IDATA SIZE       =   ----    ----
   BIT SIZE         =   ----    ----
END OF MODULE INFORMATION.


C51 COMPILATION COMPLETE.  0 WARNING(S),  0 ERROR(S)
