C51 COMPILER V9.54   MOTOR                                                                 03/21/2020 18:06:13 PAGE 1   


C51 COMPILER V9.54, COMPILATION OF MODULE MOTOR
OBJECT MODULE PLACED IN .\Objects\Motor.obj
COMPILER INVOKED BY: C:\Program Files (x86)\Spring Program Files(x86)\MDK4 and MDK5\C51\BIN\C51.EXE Motor.c OPTIMIZE(8,S
                    -PEED) BROWSE INCDIR(..\Keil 源代码 - 副本) DEBUG OBJECTEXTEND PRINT(.\Listings\Motor.lst) TABS(2) OBJECT(.\Objects\Motor
                    -.obj)

line level    source

   1          
   2          
   3          #include "Motor.h"
   4          
   5          
   6          uchar tab[4] = {0xfe,0xfd,0xfb,0xf7}; //每次只有一个管脚输出低电平，电机转动
   7          
   8          
   9          //控制消防管道开合程度
  10          //入口参数角度（范围0---90°，这里用旋转的转数模拟角度）
  11          //0°表示闭合，90°表示全开
  12          void FirePipes_Control(uchar angle)
  13          {
  14   1        static uchar State = 0; //静态局部变量，用于保存管道开合状态
  15   1        uchar angleChange = 0;  //需要的角度变化量
  16   1        uint i; //计数变量
  17   1        uchar speed = 5;
  18   1        
  19   1        if(angle == State || angle > 90 || angle < 0)
  20   1          return; //本来就是这个状态或超出范围，忽略该次控制指令
  21   1        
  22   1        if(angle > State)//开大,正向转动指定圈数
  23   1        {
  24   2          angleChange = angle-State;
  25   2          //angleChange /=22;
  26   2          while(--angleChange)
  27   2          {
  28   3            for(i=0;i<4;i++)
  29   3            {
  30   4              P1 &= tab[i];
  31   4              delay_ms(speed);
  32   4              P1 |= 0x0f;
  33   4            }
  34   3          }
  35   2        }
  36   1        else  //关小，反向转动指定圈速
  37   1        {
  38   2          angleChange = State-angle;
  39   2          //angleChange /=22;
  40   2          while(--angleChange)
  41   2          {
  42   3            for(i=4;i>0;i--)
  43   3            {
  44   4              P1 &= tab[i-1];
  45   4              delay_ms(speed);
  46   4              P1 |= 0x0f;
  47   4            }
  48   3          }
  49   2        }
  50   1        State = angle;//保存状态
  51   1      }
  52          //END of Function
  53          
C51 COMPILER V9.54   MOTOR                                                                 03/21/2020 18:06:13 PAGE 2   

  54          
  55          
  56          
  57          
  58          
  59          
  60          
  61          


MODULE INFORMATION:   STATIC OVERLAYABLE
   CODE SIZE        =    159    ----
   CONSTANT SIZE    =   ----    ----
   XDATA SIZE       =   ----    ----
   PDATA SIZE       =   ----    ----
   DATA SIZE        =      5       5
   IDATA SIZE       =   ----    ----
   BIT SIZE         =   ----    ----
END OF MODULE INFORMATION.


C51 COMPILATION COMPLETE.  0 WARNING(S),  0 ERROR(S)
